// Jest Snapshot v1, https://goo.gl/fbAQLP

exports[`AnythingGoesChickenPasta page renders the correct ingredients 1`] = `
<section
  class="mb-8 lg:mb-0"
  data-testid="INGREDIENT_LIST"
>
  <div>
     
  </div>
  <div
    class="flex flex-col"
  >
    <ul>
      <li
        class="flex justify-between mb-1 transition-opacity "
      >
        <div
          class=""
        >
          <p
            class="variable font-sans text-paragraph text-regular leading-paragraph font-semibold"
          >
            Pasta
          </p>
        </div>
        <p
          class="variable font-sans text-paragraph text-regular leading-paragraph "
        >
          400
          g
        </p>
      </li>
      <li
        class="flex justify-between mb-1 transition-opacity "
      >
        <div
          class=""
        >
          <p
            class="variable font-sans text-paragraph text-regular leading-paragraph font-semibold"
          >
            Chicken thighs
          </p>
        </div>
        <p
          class="variable font-sans text-paragraph text-regular leading-paragraph "
        >
          400
          g
        </p>
      </li>
      <li
        class="flex justify-between mb-1 transition-opacity "
      >
        <div
          class=""
        >
          <p
            class="variable font-sans text-paragraph text-regular leading-paragraph font-semibold"
          >
            Heavy cream
          </p>
        </div>
        <p
          class="variable font-sans text-paragraph text-regular leading-paragraph "
        >
          350
          g
        </p>
      </li>
      <li
        class="flex justify-between mb-1 transition-opacity "
      >
        <div
          class=""
        >
          <p
            class="variable font-sans text-paragraph text-regular leading-paragraph font-semibold"
          >
            White wine
          </p>
        </div>
        <p
          class="variable font-sans text-paragraph text-regular leading-paragraph "
        >
          100
          g
        </p>
      </li>
      <li
        class="flex justify-between mb-1 transition-opacity "
      >
        <div
          class=""
        >
          <p
            class="variable font-sans text-paragraph text-regular leading-paragraph font-semibold"
          >
            Chicken stock
          </p>
        </div>
        <p
          class="variable font-sans text-paragraph text-regular leading-paragraph "
        >
          100
          g
        </p>
      </li>
      <li
        class="flex justify-between mb-1 transition-opacity "
      >
        <div
          class=""
        >
          <p
            class="variable font-sans text-paragraph text-regular leading-paragraph font-semibold"
          >
            Pepperoni
          </p>
        </div>
        <p
          class="variable font-sans text-paragraph text-regular leading-paragraph "
        >
          100
          g
        </p>
      </li>
      <li
        class="flex justify-between mb-1 transition-opacity "
      >
        <div
          class=""
        >
          <p
            class="variable font-sans text-paragraph text-regular leading-paragraph font-semibold"
          >
            Sun-dried tomatoes
          </p>
        </div>
        <p
          class="variable font-sans text-paragraph text-regular leading-paragraph "
        >
          50
          g
        </p>
      </li>
      <li
        class="flex justify-between mb-1 transition-opacity "
      >
        <div
          class=""
        >
          <p
            class="variable font-sans text-paragraph text-regular leading-paragraph font-semibold"
          >
            Shallots
          </p>
        </div>
        <p
          class="variable font-sans text-paragraph text-regular leading-paragraph "
        >
          60
          g
        </p>
      </li>
      <li
        class="flex justify-between mb-1 transition-opacity "
      >
        <div
          class=""
        >
          <p
            class="variable font-sans text-paragraph text-regular leading-paragraph font-semibold"
          >
            Tomato pur√©e
          </p>
        </div>
        <p
          class="variable font-sans text-paragraph text-regular leading-paragraph "
        >
          25
          g
        </p>
      </li>
      <li
        class="flex justify-between mb-1 transition-opacity "
      >
        <div
          class=""
        >
          <p
            class="variable font-sans text-paragraph text-regular leading-paragraph font-semibold"
          >
            Parmesan
          </p>
        </div>
        <p
          class="variable font-sans text-paragraph text-regular leading-paragraph "
        >
          30
          g
        </p>
      </li>
      <li
        class="flex justify-between mb-1 transition-opacity "
      >
        <div
          class=""
        >
          <p
            class="variable font-sans text-paragraph text-regular leading-paragraph font-semibold"
          >
            Confit garlic (divide by 3 if using regular)
          </p>
        </div>
        <p
          class="variable font-sans text-paragraph text-regular leading-paragraph "
        >
          30
          g
        </p>
      </li>
      <li
        class="flex justify-between mb-1 transition-opacity "
      >
        <div
          class=""
        >
          <p
            class="variable font-sans text-paragraph text-regular leading-paragraph font-semibold"
          >
            Sambal oelek (or spicy thing of your choice)
          </p>
        </div>
        <p
          class="variable font-sans text-paragraph text-regular leading-paragraph "
        >
          5
          g
        </p>
      </li>
      <li
        class="flex justify-between mb-1 transition-opacity "
      >
        <div
          class=""
        >
          <p
            class="variable font-sans text-paragraph text-regular leading-paragraph font-semibold"
          >
            Parsley and parmesan for garnish
          </p>
        </div>
        <p
          class="variable font-sans text-paragraph text-regular leading-paragraph "
        />
      </li>
    </ul>
  </div>
</section>
`;
