// Jest Snapshot v1, https://goo.gl/fbAQLP

exports[`Bolognese page renders the correct ingredients 1`] = `
<section
  class="mb-8 lg:mb-0"
  data-testid="INGREDIENT_LIST"
>
  <div>
     
  </div>
  <div
    class="mt-8"
  >
    <div
      class="mb-2"
    >
      <h3
        class="variable font-heading text-h3 leading-h3 text-regular "
      >
        Bolognese
      </h3>
    </div>
    <div
      class="flex flex-col"
    >
      <ul>
        <li
          class="flex justify-between mb-1 transition-opacity "
        >
          <div
            class=""
          >
            <p
              class="variable font-sans text-paragraph text-regular leading-paragraph font-semibold"
            >
              Minced beef
            </p>
          </div>
          <p
            class="variable font-sans text-paragraph text-regular leading-paragraph "
          >
            500
            g
          </p>
        </li>
        <li
          class="flex justify-between mb-1 transition-opacity "
        >
          <div
            class=""
          >
            <p
              class="variable font-sans text-paragraph text-regular leading-paragraph font-semibold"
            >
              Chicken stock
            </p>
          </div>
          <p
            class="variable font-sans text-paragraph text-regular leading-paragraph "
          >
            500
            g
          </p>
        </li>
        <li
          class="flex justify-between mb-1 transition-opacity "
        >
          <div
            class=""
          >
            <p
              class="variable font-sans text-paragraph text-regular leading-paragraph font-semibold"
            >
              White wine
            </p>
          </div>
          <p
            class="variable font-sans text-paragraph text-regular leading-paragraph "
          >
            230
            g
          </p>
        </li>
        <li
          class="flex justify-between mb-1 transition-opacity "
        >
          <div
            class=""
          >
            <p
              class="variable font-sans text-paragraph text-regular leading-paragraph font-semibold"
            >
              Milk
            </p>
          </div>
          <p
            class="variable font-sans text-paragraph text-regular leading-paragraph "
          >
            230
            g
          </p>
        </li>
        <li
          class="flex justify-between mb-1 transition-opacity "
        >
          <div
            class=""
          >
            <p
              class="variable font-sans text-paragraph text-regular leading-paragraph font-semibold"
            >
              Bacon or pancetta
            </p>
          </div>
          <p
            class="variable font-sans text-paragraph text-regular leading-paragraph "
          >
            100
            g
          </p>
        </li>
        <li
          class="flex justify-between mb-1 transition-opacity "
        >
          <div
            class=""
          >
            <p
              class="variable font-sans text-paragraph text-regular leading-paragraph font-semibold"
            >
              Tomato paste
            </p>
          </div>
          <p
            class="variable font-sans text-paragraph text-regular leading-paragraph "
          >
            75
            g
          </p>
        </li>
        <li
          class="flex justify-between mb-1 transition-opacity "
        >
          <div
            class=""
          >
            <p
              class="variable font-sans text-paragraph text-regular leading-paragraph font-semibold"
            >
              Onion
            </p>
          </div>
          <p
            class="variable font-sans text-paragraph text-regular leading-paragraph "
          >
            70
            g
          </p>
        </li>
        <li
          class="flex justify-between mb-1 transition-opacity "
        >
          <div
            class=""
          >
            <p
              class="variable font-sans text-paragraph text-regular leading-paragraph font-semibold"
            >
              Celery
            </p>
          </div>
          <p
            class="variable font-sans text-paragraph text-regular leading-paragraph "
          >
            35
            g
          </p>
        </li>
        <li
          class="flex justify-between mb-1 transition-opacity "
        >
          <div
            class=""
          >
            <p
              class="variable font-sans text-paragraph text-regular leading-paragraph font-semibold"
            >
              Carrot
            </p>
          </div>
          <p
            class="variable font-sans text-paragraph text-regular leading-paragraph "
          >
            35
            g
          </p>
        </li>
        <li
          class="flex justify-between mb-1 transition-opacity "
        >
          <div
            class=""
          >
            <p
              class="variable font-sans text-paragraph text-regular leading-paragraph font-semibold"
            >
              Demi-glace (optional)
            </p>
          </div>
          <p
            class="variable font-sans text-paragraph text-regular leading-paragraph "
          >
            30
            g
          </p>
        </li>
        <li
          class="flex justify-between mb-1 transition-opacity "
        >
          <div
            class=""
          >
            <p
              class="variable font-sans text-paragraph text-regular leading-paragraph font-semibold"
            >
              Cloves of garlic
            </p>
          </div>
          <p
            class="variable font-sans text-paragraph text-regular leading-paragraph "
          >
            0.8
          </p>
        </li>
        <li
          class="flex justify-between mb-1 transition-opacity "
        >
          <div
            class=""
          >
            <p
              class="variable font-sans text-paragraph text-regular leading-paragraph font-semibold"
            >
              Bay leaf
            </p>
          </div>
          <p
            class="variable font-sans text-paragraph text-regular leading-paragraph "
          >
            1
          </p>
        </li>
        <li
          class="flex justify-between mb-1 transition-opacity "
        >
          <div
            class=""
          >
            <p
              class="variable font-sans text-paragraph text-regular leading-paragraph font-semibold"
            >
              Pinch of dried oregano
            </p>
          </div>
          <p
            class="variable font-sans text-paragraph text-regular leading-paragraph "
          />
        </li>
        <li
          class="flex justify-between mb-1 transition-opacity "
        >
          <div
            class=""
          >
            <p
              class="variable font-sans text-paragraph text-regular leading-paragraph font-semibold"
            >
              Pinch of nut meg
            </p>
          </div>
          <p
            class="variable font-sans text-paragraph text-regular leading-paragraph "
          />
        </li>
      </ul>
    </div>
  </div>
  <div
    class="mt-8"
  >
    <div
      class="mb-2"
    >
      <h3
        class="variable font-heading text-h3 leading-h3 text-regular "
      >
        Pasta
      </h3>
    </div>
    <div
      class="flex flex-col"
    >
      <ul>
        <li
          class="flex justify-between mb-1 transition-opacity "
        >
          <div
            class=""
          >
            <p
              class="variable font-sans text-paragraph text-regular leading-paragraph font-semibold"
            >
              Spaghetti or linguine
            </p>
          </div>
          <p
            class="variable font-sans text-paragraph text-regular leading-paragraph "
          >
            500
            g
          </p>
        </li>
      </ul>
    </div>
  </div>
  <div
    class="mt-8"
  >
    <div
      class="mb-2"
    >
      <h3
        class="variable font-heading text-h3 leading-h3 text-regular "
      >
        Garnish
      </h3>
    </div>
    <div
      class="flex flex-col"
    >
      <ul>
        <li
          class="flex justify-between mb-1 transition-opacity "
        >
          <div
            class=""
          >
            <p
              class="variable font-sans text-paragraph text-regular leading-paragraph font-semibold"
            >
              Grated Parmesan
            </p>
          </div>
          <p
            class="variable font-sans text-paragraph text-regular leading-paragraph "
          />
        </li>
        <li
          class="flex justify-between mb-1 transition-opacity "
        >
          <div
            class=""
          >
            <p
              class="variable font-sans text-paragraph text-regular leading-paragraph font-semibold"
            >
              Splash of olive oil
            </p>
          </div>
          <p
            class="variable font-sans text-paragraph text-regular leading-paragraph "
          />
        </li>
        <li
          class="flex justify-between mb-1 transition-opacity "
        >
          <div
            class=""
          >
            <p
              class="variable font-sans text-paragraph text-regular leading-paragraph font-semibold"
            >
              Freshly ground black pepper
            </p>
          </div>
          <p
            class="variable font-sans text-paragraph text-regular leading-paragraph "
          />
        </li>
        <li
          class="flex justify-between mb-1 transition-opacity "
        >
          <div
            class=""
          >
            <p
              class="variable font-sans text-paragraph text-regular leading-paragraph font-semibold"
            >
              Fresh oregano
            </p>
          </div>
          <p
            class="variable font-sans text-paragraph text-regular leading-paragraph "
          />
        </li>
      </ul>
    </div>
  </div>
</section>
`;
