// Jest Snapshot v1, https://goo.gl/fbAQLP

exports[`BurgerSauce page renders the correct ingredients 1`] = `
<section
  class="mb-8 lg:mb-0"
  data-testid="INGREDIENT_LIST"
>
  <div>
     
  </div>
  <div
    class="flex flex-col"
  >
    <ul>
      <li
        class="flex justify-between mb-1 transition-opacity "
      >
        <div
          class=""
        >
          <p
            class="variable font-sans text-paragraph text-regular leading-paragraph font-semibold"
          >
            Mayonnaise
          </p>
        </div>
        <p
          class="variable font-sans text-paragraph text-regular leading-paragraph "
        >
          88
          g
        </p>
      </li>
      <li
        class="flex justify-between mb-1 transition-opacity "
      >
        <div
          class=""
        >
          <p
            class="variable font-sans text-paragraph text-regular leading-paragraph font-semibold"
          >
            Ketchup
          </p>
        </div>
        <p
          class="variable font-sans text-paragraph text-regular leading-paragraph "
        >
          42
          g
        </p>
      </li>
      <li
        class="flex justify-between mb-1 transition-opacity "
      >
        <div
          class=""
        >
          <p
            class="variable font-sans text-paragraph text-regular leading-paragraph font-semibold"
          >
            Pickles
          </p>
        </div>
        <p
          class="variable font-sans text-paragraph text-regular leading-paragraph "
        >
          25
          g
        </p>
      </li>
      <li
        class="flex justify-between mb-1 transition-opacity "
      >
        <div
          class=""
        >
          <p
            class="variable font-sans text-paragraph text-regular leading-paragraph font-semibold"
          >
            Sriracha (optional)
          </p>
        </div>
        <p
          class="variable font-sans text-paragraph text-regular leading-paragraph "
        >
          10
          g
        </p>
      </li>
      <li
        class="flex justify-between mb-1 transition-opacity "
      >
        <div
          class=""
        >
          <p
            class="variable font-sans text-paragraph text-regular leading-paragraph font-semibold"
          >
            White onion
          </p>
        </div>
        <p
          class="variable font-sans text-paragraph text-regular leading-paragraph "
        >
          10
          g
        </p>
      </li>
      <li
        class="flex justify-between mb-1 transition-opacity "
      >
        <div
          class=""
        >
          <p
            class="variable font-sans text-paragraph text-regular leading-paragraph font-semibold"
          >
            Yellow mustard (American)
          </p>
        </div>
        <p
          class="variable font-sans text-paragraph text-regular leading-paragraph "
        >
          10
          g
        </p>
      </li>
      <li
        class="flex justify-between mb-1 transition-opacity "
      >
        <div
          class=""
        >
          <p
            class="variable font-sans text-paragraph text-regular leading-paragraph font-semibold"
          >
            Garlic powder
          </p>
        </div>
        <p
          class="variable font-sans text-paragraph text-regular leading-paragraph "
        >
          1
          g
        </p>
      </li>
      <li
        class="flex justify-between mb-1 transition-opacity "
      >
        <div
          class=""
        >
          <p
            class="variable font-sans text-paragraph text-regular leading-paragraph font-semibold"
          >
            Salt & Pepper
          </p>
        </div>
        <p
          class="variable font-sans text-paragraph text-regular leading-paragraph "
        />
      </li>
    </ul>
  </div>
</section>
`;
