// Jest Snapshot v1, https://goo.gl/fbAQLP

exports[`CheddarDip page renders the correct ingredients 1`] = `
<section
  class="mb-8 lg:mb-0"
  data-testid="INGREDIENT_LIST"
>
  <div>
     
  </div>
  <div
    class="flex flex-col"
  >
    <ul>
      <li
        class="flex justify-between mb-1 transition-opacity "
      >
        <div
          class=""
        >
          <p
            class="variable font-sans text-paragraph text-regular leading-paragraph font-semibold"
          >
            Cheddar
          </p>
        </div>
        <p
          class="variable font-sans text-paragraph text-regular leading-paragraph "
        >
          176
          g
        </p>
      </li>
      <li
        class="flex justify-between mb-1 transition-opacity "
      >
        <div
          class=""
        >
          <p
            class="variable font-sans text-paragraph text-regular leading-paragraph font-semibold"
          >
            White wine
          </p>
        </div>
        <p
          class="variable font-sans text-paragraph text-regular leading-paragraph "
        >
          100
          g
        </p>
      </li>
      <li
        class="flex justify-between mb-1 transition-opacity "
      >
        <div
          class=""
        >
          <p
            class="variable font-sans text-paragraph text-regular leading-paragraph font-semibold"
          >
            Water
          </p>
        </div>
        <p
          class="variable font-sans text-paragraph text-regular leading-paragraph "
        >
          100
          g
        </p>
      </li>
      <li
        class="flex justify-between mb-1 transition-opacity "
      >
        <div
          class=""
        >
          <p
            class="variable font-sans text-paragraph text-regular leading-paragraph font-semibold"
          >
            Gruyere
          </p>
        </div>
        <p
          class="variable font-sans text-paragraph text-regular leading-paragraph "
        >
          65
          g
        </p>
      </li>
      <li
        class="flex justify-between mb-1 transition-opacity "
      >
        <div
          class=""
        >
          <p
            class="variable font-sans text-paragraph text-regular leading-paragraph font-semibold"
          >
            Creme cheese
          </p>
        </div>
        <p
          class="variable font-sans text-paragraph text-regular leading-paragraph "
        >
          45
          g
        </p>
      </li>
      <li
        class="flex justify-between mb-1 transition-opacity "
      >
        <div
          class=""
        >
          <p
            class="variable font-sans text-paragraph text-regular leading-paragraph font-semibold"
          >
            Sodium citrate
          </p>
        </div>
        <p
          class="variable font-sans text-paragraph text-regular leading-paragraph "
        >
          13
          g
        </p>
      </li>
      <li
        class="flex justify-between mb-1 transition-opacity "
      >
        <div
          class=""
        >
          <p
            class="variable font-sans text-paragraph text-regular leading-paragraph font-semibold"
          >
            Salt
          </p>
        </div>
        <p
          class="variable font-sans text-paragraph text-regular leading-paragraph "
        >
          3
          g
        </p>
      </li>
      <li
        class="flex justify-between mb-1 transition-opacity "
      >
        <div
          class=""
        >
          <p
            class="variable font-sans text-paragraph text-regular leading-paragraph font-semibold"
          >
            Iota carrageenan
          </p>
        </div>
        <p
          class="variable font-sans text-paragraph text-regular leading-paragraph "
        >
          2.2
          g
        </p>
      </li>
    </ul>
  </div>
</section>
`;
