// Jest Snapshot v1, https://goo.gl/fbAQLP

exports[`HybridDough page renders the correct ingredients 1`] = `
<section
  class="mb-8 lg:mb-0"
  data-testid="INGREDIENT_LIST"
>
  <div>
     
  </div>
  <div
    class="mt-8"
  >
    <div
      class="mb-2"
    >
      <h3
        class="variable font-heading font-bold text-h3 leading-h3 text-regular "
      >
        Poolish
      </h3>
    </div>
    <div
      class="flex flex-col"
    >
      <ul>
        <li
          class="flex justify-between mb-1 transition-opacity "
        >
          <div
            class=""
          >
            <p
              class="variable font-sans text-paragraph text-regular leading-paragraph font-semibold"
            >
              Water
            </p>
          </div>
          <p
            class="variable font-sans text-paragraph text-regular leading-paragraph "
          >
            40
            g
          </p>
        </li>
        <li
          class="flex justify-between mb-1 transition-opacity "
        >
          <div
            class=""
          >
            <p
              class="variable font-sans text-paragraph text-regular leading-paragraph font-semibold"
            >
              Flour (Tipo 00)
            </p>
          </div>
          <p
            class="variable font-sans text-paragraph text-regular leading-paragraph "
          >
            40
            g
          </p>
        </li>
        <li
          class="flex justify-between mb-1 transition-opacity "
        >
          <div
            class=""
          >
            <p
              class="variable font-sans text-paragraph text-regular leading-paragraph font-semibold"
            >
              Honey
            </p>
          </div>
          <p
            class="variable font-sans text-paragraph text-regular leading-paragraph "
          >
            1
            g
          </p>
        </li>
        <li
          class="flex justify-between mb-1 transition-opacity "
        >
          <div
            class=""
          >
            <p
              class="variable font-sans text-paragraph text-regular leading-paragraph font-semibold"
            >
              Instant yeast
            </p>
          </div>
          <p
            class="variable font-sans text-paragraph text-regular leading-paragraph "
          >
            1
            g
          </p>
        </li>
      </ul>
      <div
        class="ml-auto"
      >
        <button
          class="mt-2 rounded-full text-regular bg-pill-background py-2 px-4"
          data-testid="BAKERS_PERCENTAGE"
          role="button"
          type="button"
        >
          <p
            class="variable font-sans text-caption leading-paragraph "
          >
            Show bakers %
          </p>
        </button>
      </div>
    </div>
  </div>
  <div
    class="mt-8"
  >
    <div
      class="mb-2"
    >
      <h3
        class="variable font-heading font-bold text-h3 leading-h3 text-regular "
      >
        Dough
      </h3>
    </div>
    <div
      class="flex flex-col"
    >
      <ul>
        <li
          class="flex justify-between mb-1 transition-opacity "
        >
          <div
            class=""
          >
            <p
              class="variable font-sans text-paragraph text-regular leading-paragraph font-semibold"
            >
              Manitoba flour
            </p>
          </div>
          <p
            class="variable font-sans text-paragraph text-regular leading-paragraph "
          >
            100
            g
          </p>
        </li>
        <li
          class="flex justify-between mb-1 transition-opacity "
        >
          <div
            class=""
          >
            <p
              class="variable font-sans text-paragraph text-regular leading-paragraph font-semibold"
            >
              Tipo 00 flour
            </p>
          </div>
          <p
            class="variable font-sans text-paragraph text-regular leading-paragraph "
          >
            30
            g
          </p>
        </li>
        <li
          class="flex justify-between mb-1 transition-opacity "
        >
          <div
            class=""
          >
            <p
              class="variable font-sans text-paragraph text-regular leading-paragraph font-semibold"
            >
              Water
            </p>
          </div>
          <p
            class="variable font-sans text-paragraph text-regular leading-paragraph "
          >
            65
            g
          </p>
        </li>
        <li
          class="flex justify-between mb-1 transition-opacity "
        >
          <div
            class=""
          >
            <p
              class="variable font-sans text-paragraph text-regular leading-paragraph font-semibold"
            >
              Sugar
            </p>
          </div>
          <p
            class="variable font-sans text-paragraph text-regular leading-paragraph "
          >
            13
            g
          </p>
        </li>
        <li
          class="flex justify-between mb-1 transition-opacity "
        >
          <div
            class=""
          >
            <p
              class="variable font-sans text-paragraph text-regular leading-paragraph font-semibold"
            >
              Olive oil
            </p>
          </div>
          <p
            class="variable font-sans text-paragraph text-regular leading-paragraph "
          >
            11
            g
          </p>
        </li>
        <li
          class="flex justify-between mb-1 transition-opacity "
        >
          <div
            class=""
          >
            <p
              class="variable font-sans text-paragraph text-regular leading-paragraph font-semibold"
            >
              Salt
            </p>
          </div>
          <p
            class="variable font-sans text-paragraph text-regular leading-paragraph "
          >
            5
            g
          </p>
        </li>
      </ul>
      <div
        class="ml-auto"
      >
        <button
          class="mt-2 rounded-full text-regular bg-pill-background py-2 px-4"
          data-testid="BAKERS_PERCENTAGE"
          role="button"
          type="button"
        >
          <p
            class="variable font-sans text-caption leading-paragraph "
          >
            Show bakers %
          </p>
        </button>
      </div>
    </div>
  </div>
</section>
`;
